22
4
9
8